git add	加入暫存	Staging Area (.git/index)
git commit	建立版本	Local Repository (.git)
git push	上傳遠端	GitHub Repository
		 HEAD~1 → 上一個 commit
git reset --hard HEAD~1  注意：會刪掉這次 commit 的修改

git reset --soft HEAD~1  修改會保留在暫存區或工作區  < 只會取消 commit
git reset --soft HEAD~1  不小心commit < 可以退回

強制覆蓋本機狀態 
git fetch origin：抓取遠端最新狀態，但不改本地檔案
git reset --hard origin/develop：把本地 develop 分支 完全重置成遠端狀態
git branch 看分支目前在哪(和有哪些)
git status 看檔案狀態，跟遠端有什麼不同

PS C:\GitHub Test> git checkout master
Switched to branch 'master'
Your branch is up to date with 'origin/master'.
PS C:\GitHub Test> git branch
  develop
* master
PS C:\GitHub Test> git merge develop
之後下方決定要怎麼更新 蓋在? OR 變成develop >master

# 切到 develop 分支
git checkout develop

# 把 develop 基底換到 master 最新 commit
git rebase master

# 樹狀圖語法
PS C:\GitHub Test> git log --oneline --graph --decorate --all 
* 751088c (HEAD -> master, origin/master, origin/HEAD) update1.0.1
* f687056 (origin/develop, develop) 更新GIT使用方法
* 884ebb3 update1.0.0
* a5f2927 develop Push Test
* 275a6f5 first

# 回到 first 的方式
git checkout 275a6f5







